---
source: e2e/tests/snm_test.rs
expression: res
snapshot_kind: text
---
is: yarn -v
os: 1.22.22
