---
source: e2e/tests/snm_test.rs
expression: res
snapshot_kind: text
---
id: 4
is: npm list

snm_i@1.0.0 /Users/ityuany/GitRepository/snm/e2e/tests/fixtures/snm_i
`-- react@18.3.1
