---
source: e2e/tests/snm_test.rs
expression: res
snapshot_kind: text
---
id: 6
is: yarn -v

4.0.0
