---
source: e2e/tests/snm_test.rs
expression: res
snapshot_kind: text
---
is: snm yarn default 4.0.0
os: 🎉 @yarnpkg/cli-dist v4.0.0 is now default
