---
source: e2e/tests/node_test.rs
expression: res
snapshot_kind: text
---
is: node -v
os: Error: No default Node.js version found
