---
source: e2e/tests/node_test.rs
expression: res
---
id: 1
is: snm node list --compact


stdout:ğŸ˜¿ Local node list is empty
stderr:
status:0
