---
source: e2e/tests/node_test.rs
expression: res
---
id: 1
is: node -v


stdout:
stderr:Error: No default Node.js version found
status:exit status: 1
