---
source: e2e/tests/node_test.rs
expression: res
snapshot_kind: text
---
id: 1
is: node -v

v20.0.0
