---
source: e2e/tests/npm_test.rs
expression: res
---
name: "test_show_npm_version_when_missing_default_node_and_npm"

id: 1
is: npm -v

Error: No default Node.js version found
