---
source: e2e/tests/snm_test.rs
expression: res
snapshot_kind: text
---
is: snm node list --compact
os: 20.0.0
