---
source: e2e/tests/snm_test.rs
expression: res
snapshot_kind: text
---
id: 6
is: npm -v

9.0.0
