---
source: e2e/tests/snm_test.rs
expression: res
snapshot_kind: text
---
is: snm npm default 9.0.0
os: 🎉 npm v9.0.0 is now default
