---
source: e2e/tests/snm_test.rs
expression: res
snapshot_kind: text
---
id: 4
is: snm npm install 9.0.0

🎉 npm v9.0.0 is installed
