---
source: e2e/src/lib.rs
expression: "dedent(&format!(r#\"\n                        is: {}\n                        os: {}\n                        \"#,\n            command, res))"
snapshot_kind: text
---
is: npm -v
os: Error: No default Node.js version found
