---
source: e2e/tests/npm_test.rs
expression: res
snapshot_kind: text
---
id: 1
is: npm -v

Error: No default Node.js version found
