---
source: e2e/src/lib.rs
expression: "dedent(&format!(r#\"\n                        is: {}\n                        os: {}\n                        \"#,\n            command, res))"
snapshot_kind: text
---
is: node -v
os: Error: In strict mode, a .node-version file must be configured in the current directory.
