---
source: e2e/tests/node_test.rs
expression: res
snapshot_kind: text
---
is: node -v
os: Error: In strict mode, a .node-version file must be configured in the current directory.
