---
source: e2e/tests/npm_test.rs
expression: res
snapshot_kind: text
---
id: 1
is: snm node install 20.0.0

🎉 Node v20.0.0 is installed
