---
source: e2e/tests/npm_test.rs
expression: res
snapshot_kind: text
---
id: 3
is: npm -v

9.6.4
