---
source: e2e/tests/snm_test.rs
expression: res
snapshot_kind: text
---
id: 5
is: snm node list --compact

-> 20.0.0
