---
source: e2e/tests/snm_test.rs
expression: res
snapshot_kind: text
---
id: 4
is: snm node list

-> 20.0.0       npm 9.6.4            openssl 3.0.8+quic   died on 2026-04-30     Iron
