---
source: e2e/tests/snm_test.rs
expression: res
snapshot_kind: text
---
id: 3
is: snm node default 20.0.0

🎉 Node v20.0.0 is now default
