---
source: e2e/tests/node_test.rs
expression: res
snapshot_kind: text
---
is: node -v
os: v20.11.1
