---
source: e2e/tests/snm_test.rs
expression: res
snapshot_kind: text
---
is: snm node default 20.0.0
os: 🎉 Node v20.0.0 is now default
