---
source: e2e/tests/snm_test.rs
expression: res
snapshot_kind: text
---
id: 3
is: snm pnpm install 9.0.0

🎉 pnpm v9.0.0 is installed
