---
source: e2e/tests/snm_test.rs
expression: res
snapshot_kind: text
---
id: 3
is: node -v

v20.0.0
