---
source: e2e/tests/snm_test.rs
expression: res
snapshot_kind: text
---
id: 7
is: node index.cjs

18.3.1
