---
source: e2e/tests/snm_test.rs
expression: res
snapshot_kind: text
---
id: 5
is: snm npm default 9.0.0

🎉 npm v9.0.0 is now default
