---
source: e2e/tests/snm_test.rs
expression: res
snapshot_kind: text
---
id: 8
is: npm list

snm_i@1.0.0 /Users/ityuany/GitRepository/snm/e2e/tests/fixtures/test_snm_install_with_outside_pnpm
`-- react@18.3.1
