---
source: e2e/src/lib.rs
expression: "dedent(&format!(r#\"\n                        is: {}\n                        os: {}\n                        \"#,\n            command, res))"
snapshot_kind: text
---
is: snm node uninstall 20.0.0
os: ðŸŽ‰ Node v20.0.0 is uninstalled
